// Jest Snapshot v1, https://goo.gl/fbAQLP

exports[`ToyListContainer renders without crashing 1`] = `
<ToyListContainer
  getToys={[Function]}
  select={[Function]}
  toyList={
    Array [
      Object {
        "icon": "ballon",
        "price": 10,
        "title": "toy",
      },
    ]
  }
  unselect={[Function]}
/>
`;
